// Jest Snapshot v1, https://goo.gl/fbAQLP

exports[`CompaniesPage matches snapshot 1`] = `[Function]`;
