// Jest Snapshot v1, https://goo.gl/fbAQLP

exports[`CompanyProfile matches snapshot 1`] = `[Function]`;
