// Jest Snapshot v1, https://goo.gl/fbAQLP

exports[`Homepage matches snapshot 1`] = `[Function]`;
