// Jest Snapshot v1, https://goo.gl/fbAQLP

exports[`JobCard Component matches snapshot 1`] = `
<DocumentFragment>
  <div
    class="MuiGrid-root MuiGrid-item MuiGrid-grid-xs-12 MuiGrid-grid-sm-6 MuiGrid-grid-md-4 css-13i4rnv-MuiGrid-root"
  >
    <div
      class="MuiPaper-root MuiPaper-elevation MuiPaper-rounded MuiPaper-elevation1 MuiCard-root css-16vq84g-MuiPaper-root-MuiCard-root"
    >
      <div
        class="MuiCardContent-root css-2r3irp-MuiCardContent-root"
      >
        <h2
          class="MuiTypography-root MuiTypography-h5 MuiTypography-gutterBottom css-h93ljk-MuiTypography-root"
        >
          Software Engineer
        </h2>
        <p
          class="MuiTypography-root MuiTypography-body1 MuiTypography-alignLeft css-zpphrz-MuiTypography-root"
        >
          Salary: 120000
        </p>
        <p
          class="MuiTypography-root MuiTypography-body2 MuiTypography-alignLeft css-nitxol-MuiTypography-root"
        >
          Equity: 0.05
        </p>
      </div>
      <div
        class="MuiCardActions-root MuiCardActions-spacing css-dnrpxu-MuiCardActions-root"
      >
        <a
          href="/"
          style="text-decoration: none;"
        >
          <button
            class="MuiButtonBase-root MuiButton-root MuiButton-text MuiButton-textPrimary MuiButton-sizeSmall MuiButton-textSizeSmall Mui-disabled MuiButton-root MuiButton-text MuiButton-textPrimary MuiButton-sizeSmall MuiButton-textSizeSmall css-1knaqv7-MuiButtonBase-root-MuiButton-root"
            disabled=""
            tabindex="-1"
            type="button"
          >
            Applied
          </button>
        </a>
      </div>
    </div>
  </div>
</DocumentFragment>
`;
