// Jest Snapshot v1, https://goo.gl/fbAQLP

exports[`JobsPage matches snapshot 1`] = `[Function]`;
