// Jest Snapshot v1, https://goo.gl/fbAQLP

exports[`RouteList matches snapshot 1`] = `[Function]`;
