// Jest Snapshot v1, https://goo.gl/fbAQLP

exports[`SignIn matches snapshot 1`] = `[Function]`;
