// Jest Snapshot v1, https://goo.gl/fbAQLP

exports[`SignUp matches snapshot 1`] = `[Function]`;
